Copyright 1986-2018 Xilinx, Inc. All Rights Reserved.
---------------------------------------------------------------------------------------------
| Tool Version      : Vivado v.2018.3 (lin64) Build 2405991 Thu Dec  6 23:36:41 MST 2018
| Date              : Thu May  7 21:53:15 2020
| Host              : XPS running 64-bit Ubuntu 16.04.3 LTS
| Command           : report_clock_utilization -file system_top_clock_utilization_routed.rpt
| Design            : system_top
| Device            : 7z035i-fbg676
| Speed File        : -2L  PRODUCTION 1.11 2014-09-11
| Temperature Grade : I
---------------------------------------------------------------------------------------------

Clock Utilization Report

Table of Contents
-----------------
1. Clock Primitive Utilization
2. Global Clock Resources
3. Global Clock Source Details
4. Clock Regions: Key Resource Utilization
5. Clock Regions : Global Clock Summary
6. Device Cell Placement Summary for Global Clock g0
7. Device Cell Placement Summary for Global Clock g1
8. Device Cell Placement Summary for Global Clock g2
9. Device Cell Placement Summary for Global Clock g3
10. Device Cell Placement Summary for Global Clock g4
11. Device Cell Placement Summary for Global Clock g5
12. Device Cell Placement Summary for Global Clock g6
13. Device Cell Placement Summary for Global Clock g7
14. Device Cell Placement Summary for Global Clock g8
15. Device Cell Placement Summary for Global Clock g9
16. Device Cell Placement Summary for Global Clock g10
17. Device Cell Placement Summary for Global Clock g11
18. Clock Region Cell Placement per Global Clock: Region X0Y2
19. Clock Region Cell Placement per Global Clock: Region X0Y3
20. Clock Region Cell Placement per Global Clock: Region X1Y3
21. Clock Region Cell Placement per Global Clock: Region X0Y4
22. Clock Region Cell Placement per Global Clock: Region X1Y4
23. Clock Region Cell Placement per Global Clock: Region X0Y5
24. Clock Region Cell Placement per Global Clock: Region X1Y5
25. Clock Region Cell Placement per Global Clock: Region X0Y6
26. Clock Region Cell Placement per Global Clock: Region X1Y6

1. Clock Primitive Utilization
------------------------------

+----------+------+-----------+-----+--------------+--------+
| Type     | Used | Available | LOC | Clock Region | Pblock |
+----------+------+-----------+-----+--------------+--------+
| BUFGCTRL |   10 |        32 |   0 |            0 |      0 |
| BUFH     |    0 |       168 |   0 |            0 |      0 |
| BUFIO    |    0 |        32 |   0 |            0 |      0 |
| BUFMR    |    0 |        16 |   0 |            0 |      0 |
| BUFR     |    2 |        32 |   0 |            0 |      0 |
| MMCM     |    0 |         8 |   0 |            0 |      0 |
| PLL      |    0 |         8 |   0 |            0 |      0 |
+----------+------+-----------+-----+--------------+--------+


2. Global Clock Resources
-------------------------

+-----------+-----------+-----------------+------------+----------------+--------------+-------------------+-------------+-----------------+--------------+--------------------------------------------------------------------------------------------+--------------------------------------------------------------------------------------+------------------------------------------------------------------------------+
| Global Id | Source Id | Driver Type/Pin | Constraint | Site           | Clock Region | Load Clock Region | Clock Loads | Non-Clock Loads | Clock Period | Clock                                                                                      | Driver Pin                                                                           | Net                                                                          |
+-----------+-----------+-----------------+------------+----------------+--------------+-------------------+-------------+-----------------+--------------+--------------------------------------------------------------------------------------------+--------------------------------------------------------------------------------------+------------------------------------------------------------------------------+
| g0        | src0      | BUFG/O          | None       | BUFGCTRL_X0Y16 | n/a          |                 9 |       49823 |               0 |        5.000 | clk_fpga_2                                                                                 | i_system_wrapper/system_i/sys_ps7/inst/buffer_fclk_clk_2.FCLK_CLK_2_BUFG/O           | i_system_wrapper/system_i/sys_ps7/inst/FCLK_CLK2                             |
| g1        | src1      | BUFG/O          | None       | BUFGCTRL_X0Y17 | n/a          |                 5 |       11705 |               2 |        4.000 | rx_clk                                                                                     | i_system_wrapper/system_i/axi_ad9361/inst/i_dev_if/i_clk/i_clk_gbuf/O                | i_system_wrapper/system_i/axi_ad9361/inst/i_dev_if/i_clk/clk                 |
| g2        | src0      | BUFG/O          | None       | BUFGCTRL_X0Y18 | n/a          |                 6 |       10485 |               0 |       10.000 | clk_fpga_0                                                                                 | i_system_wrapper/system_i/sys_ps7/inst/buffer_fclk_clk_0.FCLK_CLK_0_BUFG/O           | i_system_wrapper/system_i/sys_ps7/inst/FCLK_CLK0                             |
| g3        | src2      | BUFGCTRL/O      | None       | BUFGCTRL_X0Y24 | n/a          |                 4 |         829 |               0 |       16.000 | Multiple                                                                                   | i_system_wrapper/system_i/util_ad9361_divclk/inst/i_div_clk_gbuf/O                   | i_system_wrapper/system_i/util_ad9361_divclk/inst/clk_out                    |
| g4        | src3      | BUFG/O          | None       | BUFGCTRL_X0Y0  | n/a          |                 2 |         461 |               0 |       33.000 | dbg_hub/inst/BSCANID.u_xsdbm_id/SWITCH_N_EXT_BSCAN.bscan_inst/SERIES7_BSCAN.bscan_inst/TCK | dbg_hub/inst/BSCANID.u_xsdbm_id/SWITCH_N_EXT_BSCAN.u_bufg_icon_tck/O                 | dbg_hub/inst/BSCANID.u_xsdbm_id/itck_i                                       |
| g5        | src4      | BUFG/O          | None       | BUFGCTRL_X0Y19 | n/a          |                 1 |         161 |               0 |        8.000 | xcvr_clk_0                                                                                 | i_system_wrapper/system_i/axi_pz_xcvrlb/inst/g_lanes[0].i_xcvrlb_1/i_xch/i_rx_bufg/O | i_system_wrapper/system_i/axi_pz_xcvrlb/inst/g_lanes[0].i_xcvrlb_1/i_xch/clk |
| g6        | src5      | BUFG/O          | None       | BUFGCTRL_X0Y20 | n/a          |                 1 |         161 |               0 |        8.000 | xcvr_clk_1                                                                                 | i_system_wrapper/system_i/axi_pz_xcvrlb/inst/g_lanes[1].i_xcvrlb_1/i_xch/i_rx_bufg/O | i_system_wrapper/system_i/axi_pz_xcvrlb/inst/g_lanes[1].i_xcvrlb_1/i_xch/clk |
| g7        | src6      | BUFG/O          | None       | BUFGCTRL_X0Y21 | n/a          |                 1 |         161 |               0 |        8.000 | xcvr_clk_2                                                                                 | i_system_wrapper/system_i/axi_pz_xcvrlb/inst/g_lanes[2].i_xcvrlb_1/i_xch/i_rx_bufg/O | i_system_wrapper/system_i/axi_pz_xcvrlb/inst/g_lanes[2].i_xcvrlb_1/i_xch/clk |
| g8        | src7      | BUFG/O          | None       | BUFGCTRL_X0Y22 | n/a          |                 1 |         161 |               0 |        8.000 | xcvr_clk_3                                                                                 | i_system_wrapper/system_i/axi_pz_xcvrlb/inst/g_lanes[3].i_xcvrlb_1/i_xch/i_rx_bufg/O | i_system_wrapper/system_i/axi_pz_xcvrlb/inst/g_lanes[3].i_xcvrlb_1/i_xch/clk |
| g9        | src0      | BUFG/O          | None       | BUFGCTRL_X0Y23 | n/a          |                 1 |           6 |               0 |        5.000 | clk_fpga_1                                                                                 | i_system_wrapper/system_i/sys_ps7/inst/buffer_fclk_clk_1.FCLK_CLK_1_BUFG/O           | i_system_wrapper/system_i/sys_ps7/inst/FCLK_CLK1                             |
| g10       | src8      | BUFR/O          | None       | BUFR_X1Y24     | X1Y6         |                 1 |           1 |               0 |       16.000 | clk_div_sel_0_s                                                                            | i_system_wrapper/system_i/util_ad9361_divclk/inst/clk_divide_sel_0/O                 | i_system_wrapper/system_i/util_ad9361_divclk/inst/clk_div_sel_0_s            |
| g11       | src8      | BUFR/O          | None       | BUFR_X1Y25     | X1Y6         |                 1 |           1 |               0 |        8.000 | clk_div_sel_1_s                                                                            | i_system_wrapper/system_i/util_ad9361_divclk/inst/clk_divide_sel_1/O                 | i_system_wrapper/system_i/util_ad9361_divclk/inst/clk_div_sel_1_s            |
+-----------+-----------+-----------------+------------+----------------+--------------+-------------------+-------------+-----------------+--------------+--------------------------------------------------------------------------------------------+--------------------------------------------------------------------------------------+------------------------------------------------------------------------------+
* Clock Loads column represents the clock pin loads (pin count)
** Non-Clock Loads column represents the non-clock pin loads (pin count)


3. Global Clock Source Details
------------------------------

+-----------+-----------+------------------------+---------------------+---------------------+--------------+-------------+-----------------+---------------------+--------------------------------------------------------------------------------------------+---------------------------------------------------------------------------------------------------+---------------------------------------------------------------------------------------+
| Source Id | Global Id | Driver Type/Pin        | Constraint          | Site                | Clock Region | Clock Loads | Non-Clock Loads | Source Clock Period | Source Clock                                                                               | Driver Pin                                                                                        | Net                                                                                   |
+-----------+-----------+------------------------+---------------------+---------------------+--------------+-------------+-----------------+---------------------+--------------------------------------------------------------------------------------------+---------------------------------------------------------------------------------------------------+---------------------------------------------------------------------------------------+
| src0      | g2        | PS7/FCLKCLK[0]         | PS7_X0Y0            | PS7_X0Y0            | X0Y6         |           1 |               0 |              10.000 | clk_fpga_0                                                                                 | i_system_wrapper/system_i/sys_ps7/inst/PS7_i/FCLKCLK[0]                                           | i_system_wrapper/system_i/sys_ps7/inst/FCLK_CLK_unbuffered[0]                         |
| src0      | g9        | PS7/FCLKCLK[1]         | PS7_X0Y0            | PS7_X0Y0            | X0Y6         |           1 |               0 |               5.000 | clk_fpga_1                                                                                 | i_system_wrapper/system_i/sys_ps7/inst/PS7_i/FCLKCLK[1]                                           | i_system_wrapper/system_i/sys_ps7/inst/FCLK_CLK_unbuffered[1]                         |
| src0      | g0        | PS7/FCLKCLK[2]         | PS7_X0Y0            | PS7_X0Y0            | X0Y6         |           1 |               0 |               5.000 | clk_fpga_2                                                                                 | i_system_wrapper/system_i/sys_ps7/inst/PS7_i/FCLKCLK[2]                                           | i_system_wrapper/system_i/sys_ps7/inst/FCLK_CLK_unbuffered[2]                         |
| src1      | g1        | IBUFDS/O               | IOB_X1Y326          | IOB_X1Y326          | X1Y6         |           1 |               0 |               4.000 | rx_clk                                                                                     | i_system_wrapper/system_i/axi_ad9361/inst/i_dev_if/i_clk/i_rx_clk_ibuf/O                          | i_system_wrapper/system_i/axi_ad9361/inst/i_dev_if/i_clk/clk_ibuf_s                   |
| src2      | g3        | BUFR/O                 | None                | BUFR_X1Y24          | X1Y6         |           1 |               0 |              16.000 | clk_div_sel_0_s                                                                            | i_system_wrapper/system_i/util_ad9361_divclk/inst/clk_divide_sel_0/O                              | i_system_wrapper/system_i/util_ad9361_divclk/inst/clk_div_sel_0_s                     |
| src3      | g4        | BSCANE2/TCK            | None                | BSCAN_X0Y0          | X1Y5         |           1 |               0 |              33.000 | dbg_hub/inst/BSCANID.u_xsdbm_id/SWITCH_N_EXT_BSCAN.bscan_inst/SERIES7_BSCAN.bscan_inst/TCK | dbg_hub/inst/BSCANID.u_xsdbm_id/SWITCH_N_EXT_BSCAN.bscan_inst/SERIES7_BSCAN.bscan_inst/TCK        | dbg_hub/inst/BSCANID.u_xsdbm_id/SWITCH_N_EXT_BSCAN.bscan_inst/tck_bs                  |
| src4      | g5        | GTXE2_CHANNEL/RXOUTCLK | GTXE2_CHANNEL_X0Y12 | GTXE2_CHANNEL_X0Y12 | X1Y3         |           1 |               0 |               8.000 | xcvr_clk_0                                                                                 | i_system_wrapper/system_i/axi_pz_xcvrlb/inst/g_lanes[0].i_xcvrlb_1/i_xch/i_gtxe2_channel/RXOUTCLK | i_system_wrapper/system_i/axi_pz_xcvrlb/inst/g_lanes[0].i_xcvrlb_1/i_xch/rx_out_clk_s |
| src5      | g6        | GTXE2_CHANNEL/RXOUTCLK | GTXE2_CHANNEL_X0Y13 | GTXE2_CHANNEL_X0Y13 | X1Y3         |           1 |               0 |               8.000 | xcvr_clk_1                                                                                 | i_system_wrapper/system_i/axi_pz_xcvrlb/inst/g_lanes[1].i_xcvrlb_1/i_xch/i_gtxe2_channel/RXOUTCLK | i_system_wrapper/system_i/axi_pz_xcvrlb/inst/g_lanes[1].i_xcvrlb_1/i_xch/rx_out_clk_s |
| src6      | g7        | GTXE2_CHANNEL/RXOUTCLK | GTXE2_CHANNEL_X0Y14 | GTXE2_CHANNEL_X0Y14 | X1Y3         |           1 |               0 |               8.000 | xcvr_clk_2                                                                                 | i_system_wrapper/system_i/axi_pz_xcvrlb/inst/g_lanes[2].i_xcvrlb_1/i_xch/i_gtxe2_channel/RXOUTCLK | i_system_wrapper/system_i/axi_pz_xcvrlb/inst/g_lanes[2].i_xcvrlb_1/i_xch/rx_out_clk_s |
| src7      | g8        | GTXE2_CHANNEL/RXOUTCLK | GTXE2_CHANNEL_X0Y15 | GTXE2_CHANNEL_X0Y15 | X1Y3         |           1 |               0 |               8.000 | xcvr_clk_3                                                                                 | i_system_wrapper/system_i/axi_pz_xcvrlb/inst/g_lanes[3].i_xcvrlb_1/i_xch/i_gtxe2_channel/RXOUTCLK | i_system_wrapper/system_i/axi_pz_xcvrlb/inst/g_lanes[3].i_xcvrlb_1/i_xch/rx_out_clk_s |
| src8      | g10, g11  | BUFG/O                 | None                | BUFGCTRL_X0Y17      | n/a          |       11707 |               0 |               4.000 | rx_clk                                                                                     | i_system_wrapper/system_i/axi_ad9361/inst/i_dev_if/i_clk/i_clk_gbuf/O                             | i_system_wrapper/system_i/axi_ad9361/inst/i_dev_if/i_clk/clk                          |
+-----------+-----------+------------------------+---------------------+---------------------+--------------+-------------+-----------------+---------------------+--------------------------------------------------------------------------------------------+---------------------------------------------------------------------------------------------------+---------------------------------------------------------------------------------------+
* Clock Loads column represents the clock pin loads (pin count)
** Non-Clock Loads column represents the non-clock pin loads (pin count)


4. Clock Regions: Key Resource Utilization
------------------------------------------

+-------------------+--------------+--------------+--------------+--------------+--------------+--------------+--------------+--------------+--------------+--------------+---------------+--------------+--------------+--------------+--------------+
|                   | Global Clock |     BUFRs    |    BUFMRs    |    BUFIOs    |     MMCM     |      PLL     |      GT      |      PCI     |    ILOGIC    |    OLOGIC    |       FF      |     LUTM     |    RAMB18    |    RAMB36    |    DSP48E2   |
+-------------------+------+-------+------+-------+------+-------+------+-------+------+-------+------+-------+------+-------+------+-------+------+-------+------+-------+-------+-------+------+-------+------+-------+------+-------+------+-------+
| Clock Region Name | Used | Avail | Used | Avail | Used | Avail | Used | Avail | Used | Avail | Used | Avail | Used | Avail | Used | Avail | Used | Avail | Used | Avail | Used  | Avail | Used | Avail | Used | Avail | Used | Avail | Used | Avail |
+-------------------+------+-------+------+-------+------+-------+------+-------+------+-------+------+-------+------+-------+------+-------+------+-------+------+-------+-------+-------+------+-------+------+-------+------+-------+------+-------+
| X0Y0              |    0 |    12 |    0 |     4 |    0 |     2 |    0 |     4 |    0 |     1 |    0 |     1 |    0 |     0 |    0 |     0 |    0 |    50 |    0 |    50 |     0 |  4500 |    0 |  1600 |    0 |    80 |    0 |    40 |    0 |    80 |
| X1Y0              |    0 |    12 |    0 |     0 |    0 |     0 |    0 |     0 |    0 |     0 |    0 |     0 |    0 |     4 |    0 |     0 |    0 |     0 |    0 |     0 |     0 |  3700 |    0 |  1050 |    0 |    80 |    0 |    40 |    0 |    60 |
| X0Y1              |    0 |    12 |    0 |     4 |    0 |     2 |    0 |     4 |    0 |     1 |    0 |     1 |    0 |     0 |    0 |     0 |    0 |    50 |    0 |    50 |     0 |  4500 |    0 |  1600 |    0 |    80 |    0 |    40 |    0 |    80 |
| X1Y1              |    0 |    12 |    0 |     0 |    0 |     0 |    0 |     0 |    0 |     0 |    0 |     0 |    0 |     4 |    0 |     0 |    0 |     0 |    0 |     0 |     0 |  3700 |    0 |  1050 |    0 |    80 |    0 |    40 |    0 |    60 |
| X0Y2              |    1 |    12 |    0 |     4 |    0 |     2 |    0 |     4 |    0 |     1 |    0 |     1 |    0 |     0 |    0 |     0 |    0 |    50 |    0 |    50 |   259 |  4500 |  126 |  1600 |    0 |    80 |    0 |    40 |    7 |    80 |
| X1Y2              |    0 |    12 |    0 |     0 |    0 |     0 |    0 |     0 |    0 |     0 |    0 |     0 |    0 |     4 |    0 |     0 |    0 |     0 |    0 |     0 |     0 |  3700 |    0 |  1050 |    0 |    80 |    0 |    40 |    0 |    60 |
| X0Y3              |    2 |    12 |    0 |     4 |    0 |     2 |    0 |     4 |    0 |     1 |    0 |     1 |    0 |     0 |    0 |     0 |    0 |    50 |    0 |    50 |  7669 |  4500 | 3097 |  1600 |    0 |    80 |   22 |    40 |   33 |    80 |
| X1Y3              |    6 |    12 |    0 |     0 |    0 |     0 |    0 |     0 |    0 |     0 |    0 |     0 |    4 |     4 |    0 |     1 |    0 |     0 |    0 |     0 |  5140 |  3550 | 1413 |  1000 |    0 |    70 |    5 |    35 |   16 |    60 |
| X0Y4              |    3 |    12 |    0 |     4 |    0 |     2 |    0 |     4 |    0 |     1 |    0 |     1 |    0 |     0 |    0 |     0 |    0 |    50 |    0 |    50 | 12216 |  4500 | 5305 |  1600 |    1 |    80 |   28 |    40 |   26 |    80 |
| X1Y4              |    4 |    12 |    0 |     4 |    0 |     2 |    0 |     4 |    0 |     1 |    0 |     1 |    0 |     0 |    0 |     0 |    0 |    50 |    0 |    50 | 14005 |  4100 | 4552 |  1150 |    3 |   100 |   11 |    50 |   26 |    60 |
| X0Y5              |    4 |    12 |    0 |     0 |    0 |     0 |    0 |     0 |    0 |     0 |    0 |     0 |    0 |     0 |    0 |     0 |    0 |     0 |    0 |     0 | 10234 |  3200 | 3427 |  1000 |    0 |    40 |    6 |    20 |    9 |    40 |
| X1Y5              |    4 |    12 |    0 |     4 |    0 |     2 |    0 |     4 |    0 |     1 |    0 |     1 |    0 |     0 |    0 |     0 |    0 |    50 |    0 |    50 | 10603 |  3500 | 3804 |  1150 |    1 |   100 |    7 |    50 |   15 |    60 |
| X0Y6              |    3 |    12 |    0 |     0 |    0 |     0 |    0 |     0 |    0 |     0 |    0 |     0 |    0 |     0 |    0 |     0 |    0 |     0 |    0 |     0 |  6964 |  3200 | 2301 |  1000 |    0 |    40 |    0 |    20 |    0 |    40 |
| X1Y6              |    4 |    12 |    2 |     4 |    0 |     2 |    0 |     4 |    0 |     1 |    0 |     1 |    0 |     0 |    0 |     0 |    7 |    50 |   10 |    50 |  4194 |  3500 | 1504 |  1150 |    0 |   100 |    1 |    50 |    1 |    60 |
+-------------------+------+-------+------+-------+------+-------+------+-------+------+-------+------+-------+------+-------+------+-------+------+-------+------+-------+-------+-------+------+-------+------+-------+------+-------+------+-------+
* Global Clock column represents track count; while other columns represents cell counts


5. Clock Regions : Global Clock Summary
---------------------------------------

All Modules
+----+----+----+
|    | X0 | X1 |
+----+----+----+
| Y6 |  3 |  4 |
| Y5 |  4 |  4 |
| Y4 |  3 |  4 |
| Y3 |  2 |  6 |
| Y2 |  1 |  0 |
| Y1 |  0 |  0 |
| Y0 |  0 |  0 |
+----+----+----+


6. Device Cell Placement Summary for Global Clock g0
----------------------------------------------------

+-----------+-----------------+-------------------+------------+-------------+---------------+-------------+----------+----------------+----------+--------------------------------------------------+
| Global Id | Driver Type/Pin | Driver Region (D) | Clock      | Period (ns) | Waveform (ns) | Slice Loads | IO Loads | Clocking Loads | GT Loads | Net                                              |
+-----------+-----------------+-------------------+------------+-------------+---------------+-------------+----------+----------------+----------+--------------------------------------------------+
| g0        | BUFG/O          | n/a               | clk_fpga_2 |       5.000 | {0.000 2.500} |       49490 |        0 |              0 |        0 | i_system_wrapper/system_i/sys_ps7/inst/FCLK_CLK2 |
+-----------+-----------------+-------------------+------------+-------------+---------------+-------------+----------+----------------+----------+--------------------------------------------------+
* Logic Loads column represents load cell count of all cell types other than IO, GT and clock resources
** IO Loads column represents load cell count of IO types
*** Clocking Loads column represents load cell count that are clock resources (global clock buffer, MMCM, PLL, etc)
**** GT Loads column represents load cell count of GT types


+----+--------+--------+
|    | X0     | X1     |
+----+--------+--------+
| Y6 |   4132 |      1 |
| Y5 |   7060 |    146 |
| Y4 |  12672 |  13046 |
| Y3 |   7696 |   4469 |
| Y2 |    268 |      0 |
| Y1 |      0 |      0 |
| Y0 |      0 |      0 |
+----+--------+--------+


7. Device Cell Placement Summary for Global Clock g1
----------------------------------------------------

+-----------+-----------------+-------------------+--------+-------------+---------------+-------------+----------+----------------+----------+--------------------------------------------------------------+
| Global Id | Driver Type/Pin | Driver Region (D) | Clock  | Period (ns) | Waveform (ns) | Slice Loads | IO Loads | Clocking Loads | GT Loads | Net                                                          |
+-----------+-----------------+-------------------+--------+-------------+---------------+-------------+----------+----------------+----------+--------------------------------------------------------------+
| g1        | BUFG/O          | n/a               | rx_clk |       4.000 | {0.000 2.000} |       11705 |        0 |              2 |        0 | i_system_wrapper/system_i/axi_ad9361/inst/i_dev_if/i_clk/clk |
+-----------+-----------------+-------------------+--------+-------------+---------------+-------------+----------+----------------+----------+--------------------------------------------------------------+
* Logic Loads column represents load cell count of all cell types other than IO, GT and clock resources
** IO Loads column represents load cell count of IO types
*** Clocking Loads column represents load cell count that are clock resources (global clock buffer, MMCM, PLL, etc)
**** GT Loads column represents load cell count of GT types


+----+------+-------+
|    | X0   | X1    |
+----+------+-------+
| Y6 |  961 |  2592 |
| Y5 |   69 |  6463 |
| Y4 |    0 |  1622 |
| Y3 |    0 |     0 |
| Y2 |    0 |     0 |
| Y1 |    0 |     0 |
| Y0 |    0 |     0 |
+----+------+-------+


8. Device Cell Placement Summary for Global Clock g2
----------------------------------------------------

+-----------+-----------------+-------------------+------------+-------------+---------------+-------------+----------+----------------+----------+--------------------------------------------------+
| Global Id | Driver Type/Pin | Driver Region (D) | Clock      | Period (ns) | Waveform (ns) | Slice Loads | IO Loads | Clocking Loads | GT Loads | Net                                              |
+-----------+-----------------+-------------------+------------+-------------+---------------+-------------+----------+----------------+----------+--------------------------------------------------+
| g2        | BUFG/O          | n/a               | clk_fpga_0 |      10.000 | {0.000 5.000} |       10415 |        0 |              0 |        4 | i_system_wrapper/system_i/sys_ps7/inst/FCLK_CLK0 |
+-----------+-----------------+-------------------+------------+-------------+---------------+-------------+----------+----------------+----------+--------------------------------------------------+
* Logic Loads column represents load cell count of all cell types other than IO, GT and clock resources
** IO Loads column represents load cell count of IO types
*** Clocking Loads column represents load cell count that are clock resources (global clock buffer, MMCM, PLL, etc)
**** GT Loads column represents load cell count of GT types


+----+-------+-------+
|    | X0    | X1    |
+----+-------+-------+
| Y6 |  1962 |  1634 |
| Y5 |  2972 |  3677 |
| Y4 |     0 |    66 |
| Y3 |     0 |   108 |
| Y2 |     0 |     0 |
| Y1 |     0 |     0 |
| Y0 |     0 |     0 |
+----+-------+-------+


9. Device Cell Placement Summary for Global Clock g3
----------------------------------------------------

+-----------+-----------------+-------------------+----------+-------------+---------------+-------------+----------+----------------+----------+-----------------------------------------------------------+
| Global Id | Driver Type/Pin | Driver Region (D) | Clock    | Period (ns) | Waveform (ns) | Slice Loads | IO Loads | Clocking Loads | GT Loads | Net                                                       |
+-----------+-----------------+-------------------+----------+-------------+---------------+-------------+----------+----------------+----------+-----------------------------------------------------------+
| g3        | BUFGCTRL/O      | n/a               | Multiple |      16.000 | {0.000 8.000} |         826 |        0 |              0 |        0 | i_system_wrapper/system_i/util_ad9361_divclk/inst/clk_out |
+-----------+-----------------+-------------------+----------+-------------+---------------+-------------+----------+----------------+----------+-----------------------------------------------------------+
* Logic Loads column represents load cell count of all cell types other than IO, GT and clock resources
** IO Loads column represents load cell count of IO types
*** Clocking Loads column represents load cell count that are clock resources (global clock buffer, MMCM, PLL, etc)
**** GT Loads column represents load cell count of GT types


+----+------+------+
|    | X0   | X1   |
+----+------+------+
| Y6 |    0 |    0 |
| Y5 |  305 |  355 |
| Y4 |   98 |   68 |
| Y3 |    0 |    0 |
| Y2 |    0 |    0 |
| Y1 |    0 |    0 |
| Y0 |    0 |    0 |
+----+------+------+


10. Device Cell Placement Summary for Global Clock g4
-----------------------------------------------------

+-----------+-----------------+-------------------+--------------------------------------------------------------------------------------------+-------------+----------------+-------------+----------+----------------+----------+----------------------------------------+
| Global Id | Driver Type/Pin | Driver Region (D) | Clock                                                                                      | Period (ns) | Waveform (ns)  | Slice Loads | IO Loads | Clocking Loads | GT Loads | Net                                    |
+-----------+-----------------+-------------------+--------------------------------------------------------------------------------------------+-------------+----------------+-------------+----------+----------------+----------+----------------------------------------+
| g4        | BUFG/O          | n/a               | dbg_hub/inst/BSCANID.u_xsdbm_id/SWITCH_N_EXT_BSCAN.bscan_inst/SERIES7_BSCAN.bscan_inst/TCK |      33.000 | {0.000 16.500} |         458 |        0 |              0 |        0 | dbg_hub/inst/BSCANID.u_xsdbm_id/itck_i |
+-----------+-----------------+-------------------+--------------------------------------------------------------------------------------------+-------------+----------------+-------------+----------+----------------+----------+----------------------------------------+
* Logic Loads column represents load cell count of all cell types other than IO, GT and clock resources
** IO Loads column represents load cell count of IO types
*** Clocking Loads column represents load cell count that are clock resources (global clock buffer, MMCM, PLL, etc)
**** GT Loads column represents load cell count of GT types


+----+------+----+
|    | X0   | X1 |
+----+------+----+
| Y6 |    0 |  0 |
| Y5 |    0 |  0 |
| Y4 |  145 |  0 |
| Y3 |  313 |  0 |
| Y2 |    0 |  0 |
| Y1 |    0 |  0 |
| Y0 |    0 |  0 |
+----+------+----+


11. Device Cell Placement Summary for Global Clock g5
-----------------------------------------------------

+-----------+-----------------+-------------------+------------+-------------+---------------+-------------+----------+----------------+----------+------------------------------------------------------------------------------+
| Global Id | Driver Type/Pin | Driver Region (D) | Clock      | Period (ns) | Waveform (ns) | Slice Loads | IO Loads | Clocking Loads | GT Loads | Net                                                                          |
+-----------+-----------------+-------------------+------------+-------------+---------------+-------------+----------+----------------+----------+------------------------------------------------------------------------------+
| g5        | BUFG/O          | n/a               | xcvr_clk_0 |       8.000 | {0.000 4.000} |         157 |        0 |              0 |        1 | i_system_wrapper/system_i/axi_pz_xcvrlb/inst/g_lanes[0].i_xcvrlb_1/i_xch/clk |
+-----------+-----------------+-------------------+------------+-------------+---------------+-------------+----------+----------------+----------+------------------------------------------------------------------------------+
* Logic Loads column represents load cell count of all cell types other than IO, GT and clock resources
** IO Loads column represents load cell count of IO types
*** Clocking Loads column represents load cell count that are clock resources (global clock buffer, MMCM, PLL, etc)
**** GT Loads column represents load cell count of GT types


+----+----+------+
|    | X0 | X1   |
+----+----+------+
| Y6 |  0 |    0 |
| Y5 |  0 |    0 |
| Y4 |  0 |    0 |
| Y3 |  0 |  158 |
| Y2 |  0 |    0 |
| Y1 |  0 |    0 |
| Y0 |  0 |    0 |
+----+----+------+


12. Device Cell Placement Summary for Global Clock g6
-----------------------------------------------------

+-----------+-----------------+-------------------+------------+-------------+---------------+-------------+----------+----------------+----------+------------------------------------------------------------------------------+
| Global Id | Driver Type/Pin | Driver Region (D) | Clock      | Period (ns) | Waveform (ns) | Slice Loads | IO Loads | Clocking Loads | GT Loads | Net                                                                          |
+-----------+-----------------+-------------------+------------+-------------+---------------+-------------+----------+----------------+----------+------------------------------------------------------------------------------+
| g6        | BUFG/O          | n/a               | xcvr_clk_1 |       8.000 | {0.000 4.000} |         157 |        0 |              0 |        1 | i_system_wrapper/system_i/axi_pz_xcvrlb/inst/g_lanes[1].i_xcvrlb_1/i_xch/clk |
+-----------+-----------------+-------------------+------------+-------------+---------------+-------------+----------+----------------+----------+------------------------------------------------------------------------------+
* Logic Loads column represents load cell count of all cell types other than IO, GT and clock resources
** IO Loads column represents load cell count of IO types
*** Clocking Loads column represents load cell count that are clock resources (global clock buffer, MMCM, PLL, etc)
**** GT Loads column represents load cell count of GT types


+----+----+------+
|    | X0 | X1   |
+----+----+------+
| Y6 |  0 |    0 |
| Y5 |  0 |    0 |
| Y4 |  0 |    0 |
| Y3 |  0 |  158 |
| Y2 |  0 |    0 |
| Y1 |  0 |    0 |
| Y0 |  0 |    0 |
+----+----+------+


13. Device Cell Placement Summary for Global Clock g7
-----------------------------------------------------

+-----------+-----------------+-------------------+------------+-------------+---------------+-------------+----------+----------------+----------+------------------------------------------------------------------------------+
| Global Id | Driver Type/Pin | Driver Region (D) | Clock      | Period (ns) | Waveform (ns) | Slice Loads | IO Loads | Clocking Loads | GT Loads | Net                                                                          |
+-----------+-----------------+-------------------+------------+-------------+---------------+-------------+----------+----------------+----------+------------------------------------------------------------------------------+
| g7        | BUFG/O          | n/a               | xcvr_clk_2 |       8.000 | {0.000 4.000} |         157 |        0 |              0 |        1 | i_system_wrapper/system_i/axi_pz_xcvrlb/inst/g_lanes[2].i_xcvrlb_1/i_xch/clk |
+-----------+-----------------+-------------------+------------+-------------+---------------+-------------+----------+----------------+----------+------------------------------------------------------------------------------+
* Logic Loads column represents load cell count of all cell types other than IO, GT and clock resources
** IO Loads column represents load cell count of IO types
*** Clocking Loads column represents load cell count that are clock resources (global clock buffer, MMCM, PLL, etc)
**** GT Loads column represents load cell count of GT types


+----+----+------+
|    | X0 | X1   |
+----+----+------+
| Y6 |  0 |    0 |
| Y5 |  0 |    0 |
| Y4 |  0 |    0 |
| Y3 |  0 |  158 |
| Y2 |  0 |    0 |
| Y1 |  0 |    0 |
| Y0 |  0 |    0 |
+----+----+------+


14. Device Cell Placement Summary for Global Clock g8
-----------------------------------------------------

+-----------+-----------------+-------------------+------------+-------------+---------------+-------------+----------+----------------+----------+------------------------------------------------------------------------------+
| Global Id | Driver Type/Pin | Driver Region (D) | Clock      | Period (ns) | Waveform (ns) | Slice Loads | IO Loads | Clocking Loads | GT Loads | Net                                                                          |
+-----------+-----------------+-------------------+------------+-------------+---------------+-------------+----------+----------------+----------+------------------------------------------------------------------------------+
| g8        | BUFG/O          | n/a               | xcvr_clk_3 |       8.000 | {0.000 4.000} |         157 |        0 |              0 |        1 | i_system_wrapper/system_i/axi_pz_xcvrlb/inst/g_lanes[3].i_xcvrlb_1/i_xch/clk |
+-----------+-----------------+-------------------+------------+-------------+---------------+-------------+----------+----------------+----------+------------------------------------------------------------------------------+
* Logic Loads column represents load cell count of all cell types other than IO, GT and clock resources
** IO Loads column represents load cell count of IO types
*** Clocking Loads column represents load cell count that are clock resources (global clock buffer, MMCM, PLL, etc)
**** GT Loads column represents load cell count of GT types


+----+----+------+
|    | X0 | X1   |
+----+----+------+
| Y6 |  0 |    0 |
| Y5 |  0 |    0 |
| Y4 |  0 |    0 |
| Y3 |  0 |  158 |
| Y2 |  0 |    0 |
| Y1 |  0 |    0 |
| Y0 |  0 |    0 |
+----+----+------+


15. Device Cell Placement Summary for Global Clock g9
-----------------------------------------------------

+-----------+-----------------+-------------------+------------+-------------+---------------+-------------+----------+----------------+----------+--------------------------------------------------+
| Global Id | Driver Type/Pin | Driver Region (D) | Clock      | Period (ns) | Waveform (ns) | Slice Loads | IO Loads | Clocking Loads | GT Loads | Net                                              |
+-----------+-----------------+-------------------+------------+-------------+---------------+-------------+----------+----------------+----------+--------------------------------------------------+
| g9        | BUFG/O          | n/a               | clk_fpga_1 |       5.000 | {0.000 2.500} |           6 |        0 |              0 |        0 | i_system_wrapper/system_i/sys_ps7/inst/FCLK_CLK1 |
+-----------+-----------------+-------------------+------------+-------------+---------------+-------------+----------+----------------+----------+--------------------------------------------------+
* Logic Loads column represents load cell count of all cell types other than IO, GT and clock resources
** IO Loads column represents load cell count of IO types
*** Clocking Loads column represents load cell count that are clock resources (global clock buffer, MMCM, PLL, etc)
**** GT Loads column represents load cell count of GT types


+----+----+----+
|    | X0 | X1 |
+----+----+----+
| Y6 |  0 |  6 |
| Y5 |  0 |  0 |
| Y4 |  0 |  0 |
| Y3 |  0 |  0 |
| Y2 |  0 |  0 |
| Y1 |  0 |  0 |
| Y0 |  0 |  0 |
+----+----+----+


16. Device Cell Placement Summary for Global Clock g10
------------------------------------------------------

+-----------+-----------------+-------------------+-----------------+-------------+---------------+-------------+----------+----------------+----------+-------------------------------------------------------------------+
| Global Id | Driver Type/Pin | Driver Region (D) | Clock           | Period (ns) | Waveform (ns) | Slice Loads | IO Loads | Clocking Loads | GT Loads | Net                                                               |
+-----------+-----------------+-------------------+-----------------+-------------+---------------+-------------+----------+----------------+----------+-------------------------------------------------------------------+
| g10       | BUFR/O          | X1Y6              | clk_div_sel_0_s |      16.000 | {0.000 8.000} |           0 |        0 |              1 |        0 | i_system_wrapper/system_i/util_ad9361_divclk/inst/clk_div_sel_0_s |
+-----------+-----------------+-------------------+-----------------+-------------+---------------+-------------+----------+----------------+----------+-------------------------------------------------------------------+
* Logic Loads column represents load cell count of all cell types other than IO, GT and clock resources
** IO Loads column represents load cell count of IO types
*** Clocking Loads column represents load cell count that are clock resources (global clock buffer, MMCM, PLL, etc)
**** GT Loads column represents load cell count of GT types


+----+----+--------+
|    | X0 | X1     |
+----+----+--------+
| Y6 |  0 |  (D) 0 |
| Y5 |  0 |      0 |
| Y4 |  0 |      0 |
| Y3 |  0 |      0 |
| Y2 |  0 |      0 |
| Y1 |  0 |      0 |
| Y0 |  0 |      0 |
+----+----+--------+


17. Device Cell Placement Summary for Global Clock g11
------------------------------------------------------

+-----------+-----------------+-------------------+-----------------+-------------+---------------+-------------+----------+----------------+----------+-------------------------------------------------------------------+
| Global Id | Driver Type/Pin | Driver Region (D) | Clock           | Period (ns) | Waveform (ns) | Slice Loads | IO Loads | Clocking Loads | GT Loads | Net                                                               |
+-----------+-----------------+-------------------+-----------------+-------------+---------------+-------------+----------+----------------+----------+-------------------------------------------------------------------+
| g11       | BUFR/O          | X1Y6              | clk_div_sel_1_s |       8.000 | {0.000 4.000} |           0 |        0 |              1 |        0 | i_system_wrapper/system_i/util_ad9361_divclk/inst/clk_div_sel_1_s |
+-----------+-----------------+-------------------+-----------------+-------------+---------------+-------------+----------+----------------+----------+-------------------------------------------------------------------+
* Logic Loads column represents load cell count of all cell types other than IO, GT and clock resources
** IO Loads column represents load cell count of IO types
*** Clocking Loads column represents load cell count that are clock resources (global clock buffer, MMCM, PLL, etc)
**** GT Loads column represents load cell count of GT types


+----+----+--------+
|    | X0 | X1     |
+----+----+--------+
| Y6 |  0 |  (D) 0 |
| Y5 |  0 |      0 |
| Y4 |  0 |      0 |
| Y3 |  0 |      0 |
| Y2 |  0 |      0 |
| Y1 |  0 |      0 |
| Y0 |  0 |      0 |
+----+----+--------+


18. Clock Region Cell Placement per Global Clock: Region X0Y2
-------------------------------------------------------------

+-----------+-------+-----------------+------------+-------------+-----------------+-----+--------+------+-----+----+------+-----+---------+--------------------------------------------------+
| Global Id | Track | Driver Type/Pin | Constraint | Clock Loads | Non-Clock Loads | FF  | LUTRAM | RAMB | DSP | GT | MMCM | PLL | Hard IP | Net                                              |
+-----------+-------+-----------------+------------+-------------+-----------------+-----+--------+------+-----+----+------+-----+---------+--------------------------------------------------+
| g0        | n/a   | BUFG/O          | None       |         268 |               0 | 259 |      0 |    0 |   7 |  0 |    0 |   0 |       0 | i_system_wrapper/system_i/sys_ps7/inst/FCLK_CLK2 |
+-----------+-------+-----------------+------------+-------------+-----------------+-----+--------+------+-----+----+------+-----+---------+--------------------------------------------------+
* Clock Loads column represents the clock pin loads (pin count)
** Non-Clock Loads column represents the non-clock pin loads (pin count)
*** Columns FF, LUTRAM, RAMB through 'Hard IP' represents load cell counts


19. Clock Region Cell Placement per Global Clock: Region X0Y3
-------------------------------------------------------------

+-----------+-------+-----------------+------------+-------------+-----------------+------+--------+------+-----+----+------+-----+---------+--------------------------------------------------+
| Global Id | Track | Driver Type/Pin | Constraint | Clock Loads | Non-Clock Loads | FF   | LUTRAM | RAMB | DSP | GT | MMCM | PLL | Hard IP | Net                                              |
+-----------+-------+-----------------+------------+-------------+-----------------+------+--------+------+-----+----+------+-----+---------+--------------------------------------------------+
| g0        | n/a   | BUFG/O          | None       |        7696 |               0 | 7356 |    279 |   22 |  33 |  0 |    0 |   0 |       0 | i_system_wrapper/system_i/sys_ps7/inst/FCLK_CLK2 |
| g4        | n/a   | BUFG/O          | None       |         313 |               0 |  313 |      0 |    0 |   0 |  0 |    0 |   0 |       0 | dbg_hub/inst/BSCANID.u_xsdbm_id/itck_i           |
+-----------+-------+-----------------+------------+-------------+-----------------+------+--------+------+-----+----+------+-----+---------+--------------------------------------------------+
* Clock Loads column represents the clock pin loads (pin count)
** Non-Clock Loads column represents the non-clock pin loads (pin count)
*** Columns FF, LUTRAM, RAMB through 'Hard IP' represents load cell counts


20. Clock Region Cell Placement per Global Clock: Region X1Y3
-------------------------------------------------------------

+-----------+-------+-----------------+------------+-------------+-----------------+------+--------+------+-----+----+------+-----+---------+------------------------------------------------------------------------------+
| Global Id | Track | Driver Type/Pin | Constraint | Clock Loads | Non-Clock Loads | FF   | LUTRAM | RAMB | DSP | GT | MMCM | PLL | Hard IP | Net                                                                          |
+-----------+-------+-----------------+------------+-------------+-----------------+------+--------+------+-----+----+------+-----+---------+------------------------------------------------------------------------------+
| g0        | n/a   | BUFG/O          | None       |        4469 |               0 | 4408 |     37 |    5 |  16 |  0 |    0 |   0 |       0 | i_system_wrapper/system_i/sys_ps7/inst/FCLK_CLK2                             |
| g2        | n/a   | BUFG/O          | None       |         108 |               0 |  104 |      0 |    0 |   0 |  4 |    0 |   0 |       0 | i_system_wrapper/system_i/sys_ps7/inst/FCLK_CLK0                             |
| g5        | n/a   | BUFG/O          | None       |         158 |               0 |  157 |      0 |    0 |   0 |  1 |    0 |   0 |       0 | i_system_wrapper/system_i/axi_pz_xcvrlb/inst/g_lanes[0].i_xcvrlb_1/i_xch/clk |
| g6        | n/a   | BUFG/O          | None       |         158 |               0 |  157 |      0 |    0 |   0 |  1 |    0 |   0 |       0 | i_system_wrapper/system_i/axi_pz_xcvrlb/inst/g_lanes[1].i_xcvrlb_1/i_xch/clk |
| g7        | n/a   | BUFG/O          | None       |         158 |               0 |  157 |      0 |    0 |   0 |  1 |    0 |   0 |       0 | i_system_wrapper/system_i/axi_pz_xcvrlb/inst/g_lanes[2].i_xcvrlb_1/i_xch/clk |
| g8        | n/a   | BUFG/O          | None       |         158 |               0 |  157 |      0 |    0 |   0 |  1 |    0 |   0 |       0 | i_system_wrapper/system_i/axi_pz_xcvrlb/inst/g_lanes[3].i_xcvrlb_1/i_xch/clk |
+-----------+-------+-----------------+------------+-------------+-----------------+------+--------+------+-----+----+------+-----+---------+------------------------------------------------------------------------------+
* Clock Loads column represents the clock pin loads (pin count)
** Non-Clock Loads column represents the non-clock pin loads (pin count)
*** Columns FF, LUTRAM, RAMB through 'Hard IP' represents load cell counts


21. Clock Region Cell Placement per Global Clock: Region X0Y4
-------------------------------------------------------------

+-----------+-------+-----------------+------------+-------------+-----------------+-------+--------+------+-----+----+------+-----+---------+-----------------------------------------------------------+
| Global Id | Track | Driver Type/Pin | Constraint | Clock Loads | Non-Clock Loads | FF    | LUTRAM | RAMB | DSP | GT | MMCM | PLL | Hard IP | Net                                                       |
+-----------+-------+-----------------+------------+-------------+-----------------+-------+--------+------+-----+----+------+-----+---------+-----------------------------------------------------------+
| g0        | n/a   | BUFG/O          | None       |       12672 |               0 | 11974 |    637 |   29 |  26 |  0 |    0 |   0 |       0 | i_system_wrapper/system_i/sys_ps7/inst/FCLK_CLK2          |
| g3        | n/a   | BUFGCTRL/O      | None       |          98 |               0 |    97 |      0 |    0 |   0 |  0 |    0 |   0 |       0 | i_system_wrapper/system_i/util_ad9361_divclk/inst/clk_out |
| g4        | n/a   | BUFG/O          | None       |         145 |               0 |   145 |      0 |    0 |   0 |  0 |    0 |   0 |       0 | dbg_hub/inst/BSCANID.u_xsdbm_id/itck_i                    |
+-----------+-------+-----------------+------------+-------------+-----------------+-------+--------+------+-----+----+------+-----+---------+-----------------------------------------------------------+
* Clock Loads column represents the clock pin loads (pin count)
** Non-Clock Loads column represents the non-clock pin loads (pin count)
*** Columns FF, LUTRAM, RAMB through 'Hard IP' represents load cell counts


22. Clock Region Cell Placement per Global Clock: Region X1Y4
-------------------------------------------------------------

+-----------+-------+-----------------+------------+-------------+-----------------+-------+--------+------+-----+----+------+-----+---------+--------------------------------------------------------------+
| Global Id | Track | Driver Type/Pin | Constraint | Clock Loads | Non-Clock Loads | FF    | LUTRAM | RAMB | DSP | GT | MMCM | PLL | Hard IP | Net                                                          |
+-----------+-------+-----------------+------------+-------------+-----------------+-------+--------+------+-----+----+------+-----+---------+--------------------------------------------------------------+
| g0        | n/a   | BUFG/O          | None       |       13046 |               0 | 12258 |    752 |   14 |  18 |  0 |    0 |   0 |       0 | i_system_wrapper/system_i/sys_ps7/inst/FCLK_CLK2             |
| g1        | n/a   | BUFG/O          | None       |        1622 |               0 |  1614 |      0 |    0 |   8 |  0 |    0 |   0 |       0 | i_system_wrapper/system_i/axi_ad9361/inst/i_dev_if/i_clk/clk |
| g2        | n/a   | BUFG/O          | None       |          66 |               0 |    65 |      1 |    0 |   0 |  0 |    0 |   0 |       0 | i_system_wrapper/system_i/sys_ps7/inst/FCLK_CLK0             |
| g3        | n/a   | BUFGCTRL/O      | None       |          68 |               0 |    68 |      0 |    0 |   0 |  0 |    0 |   0 |       0 | i_system_wrapper/system_i/util_ad9361_divclk/inst/clk_out    |
+-----------+-------+-----------------+------------+-------------+-----------------+-------+--------+------+-----+----+------+-----+---------+--------------------------------------------------------------+
* Clock Loads column represents the clock pin loads (pin count)
** Non-Clock Loads column represents the non-clock pin loads (pin count)
*** Columns FF, LUTRAM, RAMB through 'Hard IP' represents load cell counts


23. Clock Region Cell Placement per Global Clock: Region X0Y5
-------------------------------------------------------------

+-----------+-------+-----------------+------------+-------------+-----------------+------+--------+------+-----+----+------+-----+---------+--------------------------------------------------------------+
| Global Id | Track | Driver Type/Pin | Constraint | Clock Loads | Non-Clock Loads | FF   | LUTRAM | RAMB | DSP | GT | MMCM | PLL | Hard IP | Net                                                          |
+-----------+-------+-----------------+------------+-------------+-----------------+------+--------+------+-----+----+------+-----+---------+--------------------------------------------------------------+
| g0        | n/a   | BUFG/O          | None       |        7060 |               0 | 6952 |     97 |    5 |   5 |  0 |    0 |   0 |       0 | i_system_wrapper/system_i/sys_ps7/inst/FCLK_CLK2             |
| g1        | n/a   | BUFG/O          | None       |          69 |               0 |   65 |      0 |    0 |   4 |  0 |    0 |   0 |       0 | i_system_wrapper/system_i/axi_ad9361/inst/i_dev_if/i_clk/clk |
| g2        | n/a   | BUFG/O          | None       |        2972 |               0 | 2913 |     58 |    1 |   0 |  0 |    0 |   0 |       0 | i_system_wrapper/system_i/sys_ps7/inst/FCLK_CLK0             |
| g3        | n/a   | BUFGCTRL/O      | None       |         305 |               0 |  304 |      0 |    1 |   0 |  0 |    0 |   0 |       0 | i_system_wrapper/system_i/util_ad9361_divclk/inst/clk_out    |
+-----------+-------+-----------------+------------+-------------+-----------------+------+--------+------+-----+----+------+-----+---------+--------------------------------------------------------------+
* Clock Loads column represents the clock pin loads (pin count)
** Non-Clock Loads column represents the non-clock pin loads (pin count)
*** Columns FF, LUTRAM, RAMB through 'Hard IP' represents load cell counts


24. Clock Region Cell Placement per Global Clock: Region X1Y5
-------------------------------------------------------------

+-----------+-------+-----------------+------------+-------------+-----------------+------+--------+------+-----+----+------+-----+---------+--------------------------------------------------------------+
| Global Id | Track | Driver Type/Pin | Constraint | Clock Loads | Non-Clock Loads | FF   | LUTRAM | RAMB | DSP | GT | MMCM | PLL | Hard IP | Net                                                          |
+-----------+-------+-----------------+------------+-------------+-----------------+------+--------+------+-----+----+------+-----+---------+--------------------------------------------------------------+
| g0        | n/a   | BUFG/O          | None       |         146 |               0 |  139 |      0 |    5 |   0 |  0 |    0 |   0 |       0 | i_system_wrapper/system_i/sys_ps7/inst/FCLK_CLK2             |
| g1        | n/a   | BUFG/O          | None       |        6463 |               0 | 6438 |      8 |    2 |  15 |  0 |    0 |   0 |       0 | i_system_wrapper/system_i/axi_ad9361/inst/i_dev_if/i_clk/clk |
| g2        | n/a   | BUFG/O          | None       |        3677 |               0 | 3676 |      0 |    1 |   0 |  0 |    0 |   0 |       0 | i_system_wrapper/system_i/sys_ps7/inst/FCLK_CLK0             |
| g3        | n/a   | BUFGCTRL/O      | None       |         355 |               0 |  350 |      1 |    3 |   0 |  0 |    0 |   0 |       0 | i_system_wrapper/system_i/util_ad9361_divclk/inst/clk_out    |
+-----------+-------+-----------------+------------+-------------+-----------------+------+--------+------+-----+----+------+-----+---------+--------------------------------------------------------------+
* Clock Loads column represents the clock pin loads (pin count)
** Non-Clock Loads column represents the non-clock pin loads (pin count)
*** Columns FF, LUTRAM, RAMB through 'Hard IP' represents load cell counts


25. Clock Region Cell Placement per Global Clock: Region X0Y6
-------------------------------------------------------------

+-----------+-------+-----------------+------------+-------------+-----------------+------+--------+------+-----+----+------+-----+---------+--------------------------------------------------------------+
| Global Id | Track | Driver Type/Pin | Constraint | Clock Loads | Non-Clock Loads | FF   | LUTRAM | RAMB | DSP | GT | MMCM | PLL | Hard IP | Net                                                          |
+-----------+-------+-----------------+------------+-------------+-----------------+------+--------+------+-----+----+------+-----+---------+--------------------------------------------------------------+
| g0        | n/a   | BUFG/O          | None       |        4132 |               0 | 4061 |     70 |    0 |   0 |  0 |    0 |   0 |       0 | i_system_wrapper/system_i/sys_ps7/inst/FCLK_CLK2             |
| g1        | n/a   | BUFG/O          | None       |         961 |               0 |  961 |      0 |    0 |   0 |  0 |    0 |   0 |       0 | i_system_wrapper/system_i/axi_ad9361/inst/i_dev_if/i_clk/clk |
| g2        | n/a   | BUFG/O          | None       |        1962 |               0 | 1942 |     19 |    0 |   0 |  0 |    0 |   0 |       0 | i_system_wrapper/system_i/sys_ps7/inst/FCLK_CLK0             |
+-----------+-------+-----------------+------------+-------------+-----------------+------+--------+------+-----+----+------+-----+---------+--------------------------------------------------------------+
* Clock Loads column represents the clock pin loads (pin count)
** Non-Clock Loads column represents the non-clock pin loads (pin count)
*** Columns FF, LUTRAM, RAMB through 'Hard IP' represents load cell counts


26. Clock Region Cell Placement per Global Clock: Region X1Y6
-------------------------------------------------------------

+-----------+-------+-----------------+------------+-------------+-----------------+------+--------+------+-----+----+------+-----+---------+--------------------------------------------------------------+
| Global Id | Track | Driver Type/Pin | Constraint | Clock Loads | Non-Clock Loads | FF   | LUTRAM | RAMB | DSP | GT | MMCM | PLL | Hard IP | Net                                                          |
+-----------+-------+-----------------+------------+-------------+-----------------+------+--------+------+-----+----+------+-----+---------+--------------------------------------------------------------+
| g0        | n/a   | BUFG/O          | None       |           1 |               0 |    0 |      0 |    1 |   0 |  0 |    0 |   0 |       0 | i_system_wrapper/system_i/sys_ps7/inst/FCLK_CLK2             |
| g1        | n/a   | BUFG/O          | None       |        2590 |               2 | 2572 |      0 |    0 |   1 |  0 |    0 |   0 |       0 | i_system_wrapper/system_i/axi_ad9361/inst/i_dev_if/i_clk/clk |
| g2        | n/a   | BUFG/O          | None       |        1634 |               0 | 1617 |      0 |    0 |   0 |  0 |    0 |   0 |       0 | i_system_wrapper/system_i/sys_ps7/inst/FCLK_CLK0             |
| g9        | n/a   | BUFG/O          | None       |           6 |               0 |    5 |      0 |    0 |   0 |  0 |    0 |   0 |       0 | i_system_wrapper/system_i/sys_ps7/inst/FCLK_CLK1             |
+-----------+-------+-----------------+------------+-------------+-----------------+------+--------+------+-----+----+------+-----+---------+--------------------------------------------------------------+
* Clock Loads column represents the clock pin loads (pin count)
** Non-Clock Loads column represents the non-clock pin loads (pin count)
*** Columns FF, LUTRAM, RAMB through 'Hard IP' represents load cell counts



# Location of BUFG Primitives 
set_property LOC BUFGCTRL_X0Y24 [get_cells i_system_wrapper/system_i/util_ad9361_divclk/inst/i_div_clk_gbuf]
set_property LOC BUFGCTRL_X0Y16 [get_cells i_system_wrapper/system_i/sys_ps7/inst/buffer_fclk_clk_2.FCLK_CLK_2_BUFG]
set_property LOC BUFGCTRL_X0Y23 [get_cells i_system_wrapper/system_i/sys_ps7/inst/buffer_fclk_clk_1.FCLK_CLK_1_BUFG]
set_property LOC BUFGCTRL_X0Y18 [get_cells i_system_wrapper/system_i/sys_ps7/inst/buffer_fclk_clk_0.FCLK_CLK_0_BUFG]
set_property LOC BUFGCTRL_X0Y22 [get_cells i_system_wrapper/system_i/axi_pz_xcvrlb/inst/g_lanes[3].i_xcvrlb_1/i_xch/i_rx_bufg]
set_property LOC BUFGCTRL_X0Y21 [get_cells i_system_wrapper/system_i/axi_pz_xcvrlb/inst/g_lanes[2].i_xcvrlb_1/i_xch/i_rx_bufg]
set_property LOC BUFGCTRL_X0Y20 [get_cells i_system_wrapper/system_i/axi_pz_xcvrlb/inst/g_lanes[1].i_xcvrlb_1/i_xch/i_rx_bufg]
set_property LOC BUFGCTRL_X0Y19 [get_cells i_system_wrapper/system_i/axi_pz_xcvrlb/inst/g_lanes[0].i_xcvrlb_1/i_xch/i_rx_bufg]
set_property LOC BUFGCTRL_X0Y17 [get_cells i_system_wrapper/system_i/axi_ad9361/inst/i_dev_if/i_clk/i_clk_gbuf]
set_property LOC BUFGCTRL_X0Y0 [get_cells dbg_hub/inst/BSCANID.u_xsdbm_id/SWITCH_N_EXT_BSCAN.u_bufg_icon_tck]

# Location of BUFR Primitives 
set_property LOC BUFR_X1Y25 [get_cells i_system_wrapper/system_i/util_ad9361_divclk/inst/clk_divide_sel_1]
set_property LOC BUFR_X1Y24 [get_cells i_system_wrapper/system_i/util_ad9361_divclk/inst/clk_divide_sel_0]

# Location of IO Primitives which is load of clock spine

# Location of clock ports
set_property LOC IOB_X1Y325 [get_ports rx_clk_in_n]
set_property LOC IOB_X1Y326 [get_ports rx_clk_in_p]

# Clock net "i_system_wrapper/system_i/util_ad9361_divclk/inst/clk_out" driven by instance "i_system_wrapper/system_i/util_ad9361_divclk/inst/i_div_clk_gbuf" located at site "BUFGCTRL_X0Y24"
#startgroup
create_pblock {CLKAG_i_system_wrapper/system_i/util_ad9361_divclk/inst/clk_out}
add_cells_to_pblock [get_pblocks  {CLKAG_i_system_wrapper/system_i/util_ad9361_divclk/inst/clk_out}] [get_cells -filter { PRIMITIVE_GROUP != I/O && IS_PRIMITIVE==1 && PRIMITIVE_LEVEL !=INTERNAL } -of_object [get_pins -filter {DIRECTION==IN} -of_objects [get_nets -hierarchical -filter {PARENT=="i_system_wrapper/system_i/util_ad9361_divclk/inst/clk_out"}]]]
resize_pblock [get_pblocks {CLKAG_i_system_wrapper/system_i/util_ad9361_divclk/inst/clk_out}] -add {CLOCKREGION_X0Y4:CLOCKREGION_X0Y4 CLOCKREGION_X0Y5:CLOCKREGION_X0Y5 CLOCKREGION_X1Y4:CLOCKREGION_X1Y4 CLOCKREGION_X1Y5:CLOCKREGION_X1Y5}
#endgroup

# Clock net "i_system_wrapper/system_i/sys_ps7/inst/FCLK_CLK2" driven by instance "i_system_wrapper/system_i/sys_ps7/inst/buffer_fclk_clk_2.FCLK_CLK_2_BUFG" located at site "BUFGCTRL_X0Y16"
#startgroup
create_pblock {CLKAG_i_system_wrapper/system_i/sys_ps7/inst/FCLK_CLK2}
add_cells_to_pblock [get_pblocks  {CLKAG_i_system_wrapper/system_i/sys_ps7/inst/FCLK_CLK2}] [get_cells -filter { PRIMITIVE_GROUP != I/O && IS_PRIMITIVE==1 && PRIMITIVE_LEVEL !=INTERNAL } -of_object [get_pins -filter {DIRECTION==IN} -of_objects [get_nets -hierarchical -filter {PARENT=="i_system_wrapper/system_i/sys_ps7/inst/FCLK_CLK2"}]]]
resize_pblock [get_pblocks {CLKAG_i_system_wrapper/system_i/sys_ps7/inst/FCLK_CLK2}] -add {CLOCKREGION_X0Y2:CLOCKREGION_X0Y2 CLOCKREGION_X0Y3:CLOCKREGION_X0Y3 CLOCKREGION_X0Y4:CLOCKREGION_X0Y4 CLOCKREGION_X0Y5:CLOCKREGION_X0Y5 CLOCKREGION_X0Y6:CLOCKREGION_X0Y6 CLOCKREGION_X1Y3:CLOCKREGION_X1Y3 CLOCKREGION_X1Y4:CLOCKREGION_X1Y4 CLOCKREGION_X1Y5:CLOCKREGION_X1Y5 CLOCKREGION_X1Y6:CLOCKREGION_X1Y6}
#endgroup

# Clock net "i_system_wrapper/system_i/sys_ps7/inst/FCLK_CLK1" driven by instance "i_system_wrapper/system_i/sys_ps7/inst/buffer_fclk_clk_1.FCLK_CLK_1_BUFG" located at site "BUFGCTRL_X0Y23"
#startgroup
create_pblock {CLKAG_i_system_wrapper/system_i/sys_ps7/inst/FCLK_CLK1}
add_cells_to_pblock [get_pblocks  {CLKAG_i_system_wrapper/system_i/sys_ps7/inst/FCLK_CLK1}] [get_cells -filter { PRIMITIVE_GROUP != I/O && IS_PRIMITIVE==1 && PRIMITIVE_LEVEL !=INTERNAL } -of_object [get_pins -filter {DIRECTION==IN} -of_objects [get_nets -hierarchical -filter {PARENT=="i_system_wrapper/system_i/sys_ps7/inst/FCLK_CLK1"}]]]
resize_pblock [get_pblocks {CLKAG_i_system_wrapper/system_i/sys_ps7/inst/FCLK_CLK1}] -add {CLOCKREGION_X1Y6:CLOCKREGION_X1Y6}
#endgroup

# Clock net "i_system_wrapper/system_i/sys_ps7/inst/FCLK_CLK0" driven by instance "i_system_wrapper/system_i/sys_ps7/inst/buffer_fclk_clk_0.FCLK_CLK_0_BUFG" located at site "BUFGCTRL_X0Y18"
#startgroup
create_pblock {CLKAG_i_system_wrapper/system_i/sys_ps7/inst/FCLK_CLK0}
add_cells_to_pblock [get_pblocks  {CLKAG_i_system_wrapper/system_i/sys_ps7/inst/FCLK_CLK0}] [get_cells -filter { PRIMITIVE_GROUP != I/O && IS_PRIMITIVE==1 && PRIMITIVE_LEVEL !=INTERNAL } -of_object [get_pins -filter {DIRECTION==IN} -of_objects [get_nets -hierarchical -filter {PARENT=="i_system_wrapper/system_i/sys_ps7/inst/FCLK_CLK0"}]]]
resize_pblock [get_pblocks {CLKAG_i_system_wrapper/system_i/sys_ps7/inst/FCLK_CLK0}] -add {CLOCKREGION_X0Y5:CLOCKREGION_X0Y5 CLOCKREGION_X0Y6:CLOCKREGION_X0Y6 CLOCKREGION_X1Y3:CLOCKREGION_X1Y3 CLOCKREGION_X1Y4:CLOCKREGION_X1Y4 CLOCKREGION_X1Y5:CLOCKREGION_X1Y5 CLOCKREGION_X1Y6:CLOCKREGION_X1Y6}
#endgroup

# Clock net "i_system_wrapper/system_i/axi_pz_xcvrlb/inst/g_lanes[3].i_xcvrlb_1/i_xch/clk" driven by instance "i_system_wrapper/system_i/axi_pz_xcvrlb/inst/g_lanes[3].i_xcvrlb_1/i_xch/i_rx_bufg" located at site "BUFGCTRL_X0Y22"
#startgroup
create_pblock {CLKAG_i_system_wrapper/system_i/axi_pz_xcvrlb/inst/g_lanes[3].i_xcvrlb_1/i_xch/clk}
add_cells_to_pblock [get_pblocks  {CLKAG_i_system_wrapper/system_i/axi_pz_xcvrlb/inst/g_lanes[3].i_xcvrlb_1/i_xch/clk}] [get_cells -filter { PRIMITIVE_GROUP != I/O && IS_PRIMITIVE==1 && PRIMITIVE_LEVEL !=INTERNAL } -of_object [get_pins -filter {DIRECTION==IN} -of_objects [get_nets -hierarchical -filter {PARENT=="i_system_wrapper/system_i/axi_pz_xcvrlb/inst/g_lanes[3].i_xcvrlb_1/i_xch/clk"}]]]
resize_pblock [get_pblocks {CLKAG_i_system_wrapper/system_i/axi_pz_xcvrlb/inst/g_lanes[3].i_xcvrlb_1/i_xch/clk}] -add {CLOCKREGION_X1Y3:CLOCKREGION_X1Y3}
#endgroup

# Clock net "i_system_wrapper/system_i/axi_pz_xcvrlb/inst/g_lanes[2].i_xcvrlb_1/i_xch/clk" driven by instance "i_system_wrapper/system_i/axi_pz_xcvrlb/inst/g_lanes[2].i_xcvrlb_1/i_xch/i_rx_bufg" located at site "BUFGCTRL_X0Y21"
#startgroup
create_pblock {CLKAG_i_system_wrapper/system_i/axi_pz_xcvrlb/inst/g_lanes[2].i_xcvrlb_1/i_xch/clk}
add_cells_to_pblock [get_pblocks  {CLKAG_i_system_wrapper/system_i/axi_pz_xcvrlb/inst/g_lanes[2].i_xcvrlb_1/i_xch/clk}] [get_cells -filter { PRIMITIVE_GROUP != I/O && IS_PRIMITIVE==1 && PRIMITIVE_LEVEL !=INTERNAL } -of_object [get_pins -filter {DIRECTION==IN} -of_objects [get_nets -hierarchical -filter {PARENT=="i_system_wrapper/system_i/axi_pz_xcvrlb/inst/g_lanes[2].i_xcvrlb_1/i_xch/clk"}]]]
resize_pblock [get_pblocks {CLKAG_i_system_wrapper/system_i/axi_pz_xcvrlb/inst/g_lanes[2].i_xcvrlb_1/i_xch/clk}] -add {CLOCKREGION_X1Y3:CLOCKREGION_X1Y3}
#endgroup

# Clock net "i_system_wrapper/system_i/axi_pz_xcvrlb/inst/g_lanes[1].i_xcvrlb_1/i_xch/clk" driven by instance "i_system_wrapper/system_i/axi_pz_xcvrlb/inst/g_lanes[1].i_xcvrlb_1/i_xch/i_rx_bufg" located at site "BUFGCTRL_X0Y20"
#startgroup
create_pblock {CLKAG_i_system_wrapper/system_i/axi_pz_xcvrlb/inst/g_lanes[1].i_xcvrlb_1/i_xch/clk}
add_cells_to_pblock [get_pblocks  {CLKAG_i_system_wrapper/system_i/axi_pz_xcvrlb/inst/g_lanes[1].i_xcvrlb_1/i_xch/clk}] [get_cells -filter { PRIMITIVE_GROUP != I/O && IS_PRIMITIVE==1 && PRIMITIVE_LEVEL !=INTERNAL } -of_object [get_pins -filter {DIRECTION==IN} -of_objects [get_nets -hierarchical -filter {PARENT=="i_system_wrapper/system_i/axi_pz_xcvrlb/inst/g_lanes[1].i_xcvrlb_1/i_xch/clk"}]]]
resize_pblock [get_pblocks {CLKAG_i_system_wrapper/system_i/axi_pz_xcvrlb/inst/g_lanes[1].i_xcvrlb_1/i_xch/clk}] -add {CLOCKREGION_X1Y3:CLOCKREGION_X1Y3}
#endgroup

# Clock net "i_system_wrapper/system_i/axi_pz_xcvrlb/inst/g_lanes[0].i_xcvrlb_1/i_xch/clk" driven by instance "i_system_wrapper/system_i/axi_pz_xcvrlb/inst/g_lanes[0].i_xcvrlb_1/i_xch/i_rx_bufg" located at site "BUFGCTRL_X0Y19"
#startgroup
create_pblock {CLKAG_i_system_wrapper/system_i/axi_pz_xcvrlb/inst/g_lanes[0].i_xcvrlb_1/i_xch/clk}
add_cells_to_pblock [get_pblocks  {CLKAG_i_system_wrapper/system_i/axi_pz_xcvrlb/inst/g_lanes[0].i_xcvrlb_1/i_xch/clk}] [get_cells -filter { PRIMITIVE_GROUP != I/O && IS_PRIMITIVE==1 && PRIMITIVE_LEVEL !=INTERNAL } -of_object [get_pins -filter {DIRECTION==IN} -of_objects [get_nets -hierarchical -filter {PARENT=="i_system_wrapper/system_i/axi_pz_xcvrlb/inst/g_lanes[0].i_xcvrlb_1/i_xch/clk"}]]]
resize_pblock [get_pblocks {CLKAG_i_system_wrapper/system_i/axi_pz_xcvrlb/inst/g_lanes[0].i_xcvrlb_1/i_xch/clk}] -add {CLOCKREGION_X1Y3:CLOCKREGION_X1Y3}
#endgroup

# Clock net "i_system_wrapper/system_i/axi_ad9361/inst/i_dev_if/i_clk/clk" driven by instance "i_system_wrapper/system_i/axi_ad9361/inst/i_dev_if/i_clk/i_clk_gbuf" located at site "BUFGCTRL_X0Y17"
#startgroup
create_pblock {CLKAG_i_system_wrapper/system_i/axi_ad9361/inst/i_dev_if/i_clk/clk}
add_cells_to_pblock [get_pblocks  {CLKAG_i_system_wrapper/system_i/axi_ad9361/inst/i_dev_if/i_clk/clk}] [get_cells -filter { PRIMITIVE_GROUP != I/O && IS_PRIMITIVE==1 && PRIMITIVE_LEVEL !=INTERNAL && NAME!=i_system_wrapper/system_i/util_ad9361_divclk/inst/clk_divide_sel_1 && NAME!=i_system_wrapper/system_i/util_ad9361_divclk/inst/clk_divide_sel_0} -of_object [get_pins -filter {DIRECTION==IN} -of_objects [get_nets -hierarchical -filter {PARENT=="i_system_wrapper/system_i/axi_ad9361/inst/i_dev_if/i_clk/clk"}]]]
resize_pblock [get_pblocks {CLKAG_i_system_wrapper/system_i/axi_ad9361/inst/i_dev_if/i_clk/clk}] -add {CLOCKREGION_X0Y5:CLOCKREGION_X0Y5 CLOCKREGION_X0Y6:CLOCKREGION_X0Y6 CLOCKREGION_X1Y4:CLOCKREGION_X1Y4 CLOCKREGION_X1Y5:CLOCKREGION_X1Y5 CLOCKREGION_X1Y6:CLOCKREGION_X1Y6}
#endgroup

# Clock net "dbg_hub/inst/BSCANID.u_xsdbm_id/itck_i" driven by instance "dbg_hub/inst/BSCANID.u_xsdbm_id/SWITCH_N_EXT_BSCAN.u_bufg_icon_tck" located at site "BUFGCTRL_X0Y0"
#startgroup
create_pblock {CLKAG_dbg_hub/inst/BSCANID.u_xsdbm_id/itck_i}
add_cells_to_pblock [get_pblocks  {CLKAG_dbg_hub/inst/BSCANID.u_xsdbm_id/itck_i}] [get_cells -filter { PRIMITIVE_GROUP != I/O && IS_PRIMITIVE==1 && PRIMITIVE_LEVEL !=INTERNAL } -of_object [get_pins -filter {DIRECTION==IN} -of_objects [get_nets -hierarchical -filter {PARENT=="dbg_hub/inst/BSCANID.u_xsdbm_id/itck_i"}]]]
resize_pblock [get_pblocks {CLKAG_dbg_hub/inst/BSCANID.u_xsdbm_id/itck_i}] -add {CLOCKREGION_X0Y3:CLOCKREGION_X0Y3 CLOCKREGION_X0Y4:CLOCKREGION_X0Y4}
#endgroup
